// Expand bottom to top

__Clips__
NONE


Clip "c" removed.


__Clips__
c


Clip "a" removed.


__Clips__
a, c


Clip "b" removed.


__Clips__
a, b, c


ghi
def
__Clip "c" set to__
ghi


__Clip "b" set to__
def


abc
abc
__Clip "a" set to__
abc




__Clips__
NONE



***

All clips cleared.


### About - Clips
Shortcuts that let the user manage clips of text.  A "clip" is a bit of named text that can be quickly added to your note.  Similar to a shortcut, but more simplistic.


### Reference - Clips
- __reset clips__ - Remove all clips.
- __clips__ - Lists all stored clips.
- __clips get {name}__ - Expands to the value stored in clip {name}.
	- Alternative shortcut: __cg {name}__.
- __clips add {name} {value}__ - Creates a clip {name} that stores the string {value}.
- __clips remove {name}__ - Removes the clip {name}.


